lab@lab:~$ mysql -u root -p
Enter password: 
Welcome to the MySQL monitor.  Commands end with ; or \g.
Your MySQL connection id is 14
Server version: 8.0.34-0ubuntu0.22.04.1 (Ubuntu)

Copyright (c) 2000, 2023, Oracle and/or its affiliates.

Oracle is a registered trademark of Oracle Corporation and/or its
affiliates. Other names may be trademarks of their respective
owners.

Type 'help;' or '\h' for help. Type '\c' to clear the current input statement.

mysql> show databases;
+-----------------------+
| Database              |
+-----------------------+
| cuidardb              |
| db_ClinicaVeterinaria |
| db_Empresa            |
| db_Pedidos            |
| db_Univerdidade       |
| db_clientes           |
| db_clinica            |
| db_empresa            |
| db_filme              |
| db_loja               |
| db_marmitaria         |
| db_univerdidade       |
| db_universidade       |
| db_veterinaria        |
| information_schema    |
| loja                  |
| lojaa                 |
| mysql                 |
| performance_schema    |
| phpmyadmin            |
| sys                   |
| teste                 |
+-----------------------+
22 rows in set (0,00 sec)

mysql> use loja;
Reading table information for completion of table and column names
You can turn off this feature to get a quicker startup with -A

Database changed
mysql> show tables;
+----------------+
| Tables_in_loja |
+----------------+
| clientes       |
| itens_venda    |
| produtos       |
| vendas         |
+----------------+
4 rows in set (0,01 sec)

mysql> describe clientes;
+------------+--------------+------+-----+---------+----------------+
| Field      | Type         | Null | Key | Default | Extra          |
+------------+--------------+------+-----+---------+----------------+
| cliente_id | int          | NO   | PRI | NULL    | auto_increment |
| nome       | varchar(255) | NO   |     | NULL    |                |
| email      | varchar(255) | NO   | UNI | NULL    |                |
| senha      | varchar(255) | NO   |     | NULL    |                |
| endereco   | text         | YES  |     | NULL    |                |
+------------+--------------+------+-----+---------+----------------+
5 rows in set (0,00 sec)

mysql> desc itens_venda;
+------------+---------------+------+-----+---------+----------------+
| Field      | Type          | Null | Key | Default | Extra          |
+------------+---------------+------+-----+---------+----------------+
| item_id    | int           | NO   | PRI | NULL    | auto_increment |
| venda_id   | int           | YES  | MUL | NULL    |                |
| produto_id | int           | YES  | MUL | NULL    |                |
| quantidade | int           | NO   |     | NULL    |                |
| preco      | decimal(10,2) | NO   |     | NULL    |                |
+------------+---------------+------+-----+---------+----------------+
5 rows in set (0,00 sec)

mysql> show create table itens_venda;
+-------------+---------------------------------------------------------------------------------------------------------------------------------------------------------------------------------------------------------------------------------------------------------------------------------------------------------------------------------------------------------------------------------------------------------------------------------------------------------------------------------------------------------------------------------------------------------------------------------------+
| Table       | Create Table                                                                                                                                                                                                                                                                                                                                                                                                                                                                                                                                                                          |
+-------------+---------------------------------------------------------------------------------------------------------------------------------------------------------------------------------------------------------------------------------------------------------------------------------------------------------------------------------------------------------------------------------------------------------------------------------------------------------------------------------------------------------------------------------------------------------------------------------------+
| itens_venda | CREATE TABLE `itens_venda` (
  `item_id` int NOT NULL AUTO_INCREMENT,
  `venda_id` int DEFAULT NULL,
  `produto_id` int DEFAULT NULL,
  `quantidade` int NOT NULL,
  `preco` decimal(10,2) NOT NULL,
  PRIMARY KEY (`item_id`),
  KEY `venda_id` (`venda_id`),
  KEY `produto_id` (`produto_id`),
  CONSTRAINT `itens_venda_ibfk_1` FOREIGN KEY (`venda_id`) REFERENCES `vendas` (`venda_id`),
  CONSTRAINT `itens_venda_ibfk_2` FOREIGN KEY (`produto_id`) REFERENCES `produtos` (`produto_id`)
) ENGINE=InnoDB AUTO_INCREMENT=37 DEFAULT CHARSET=utf8mb4 COLLATE=utf8mb4_0900_ai_ci |
+-------------+---------------------------------------------------------------------------------------------------------------------------------------------------------------------------------------------------------------------------------------------------------------------------------------------------------------------------------------------------------------------------------------------------------------------------------------------------------------------------------------------------------------------------------------------------------------------------------------+
1 row in set (0,00 sec)

mysql> select * from cliente;
ERROR 1146 (42S02): Table 'loja.cliente' doesn't exist
mysql> SELECT * FROM clientes;
+------------+-------------------+-------------------------------+----------------------------------+---------------------+
| cliente_id | nome              | email                         | senha                            | endereco            |
+------------+-------------------+-------------------------------+----------------------------------+---------------------+
|          1 | Ana Silva         | ana.silva1@gmail.com          | 482c811da5d5b4bc6d497ffa98491e38 | Foz do Iguaçu - PR  |
|          2 | Bruno Pereira     | bruno.pereira2@gmail.com      | 482c811da5d5b4bc6d497ffa98491e38 | Curitiba - PR       |
|          3 | Carlos Costa      | carlos.costa3@gmail.com       | 482c811da5d5b4bc6d497ffa98491e38 | São Paulo - SP      |
|          4 | Daniela Lima      | daniela.lima4@gmail.com       | 482c811da5d5b4bc6d497ffa98491e38 | Rio de Janeiro - RJ |
|          5 | Eduardo Oliveira  | eduardo.oliveira5@gmail.com   | 482c811da5d5b4bc6d497ffa98491e38 | Salvador - BA       |
|          6 | Fernanda Martins  | fernanda.martins6@gmail.com   | 482c811da5d5b4bc6d497ffa98491e38 | Porto Alegre - RS   |
|          7 | Guilherme Rocha   | guilherme.rocha7@gmail.com    | 482c811da5d5b4bc6d497ffa98491e38 | Brasília - DF       |
|          8 | Helena Almeida    | helena.almeida8@gmail.com     | 482c811da5d5b4bc6d497ffa98491e38 | Manaus - AM         |
|          9 | Igor Barbosa      | igor.barbosa9@gmail.com       | 482c811da5d5b4bc6d497ffa98491e38 | Natal - RN          |
|         10 | Juliana Cardoso   | juliana.cardoso10@gmail.com   | 482c811da5d5b4bc6d497ffa98491e38 | Campo Grande - MS   |
|         11 | Ana Martins       | ana.martins91@gmail.com       | 482c811da5d5b4bc6d497ffa98491e38 | Manaus - AM         |
|         12 | Bruno Rocha       | bruno.rocha92@gmail.com       | 482c811da5d5b4bc6d497ffa98491e38 | Natal - RN          |
|         13 | Carlos Almeida    | carlos.almeida93@gmail.com    | 482c811da5d5b4bc6d497ffa98491e38 | Campo Grande - MS   |
|         14 | Daniela Barbosa   | daniela.barbosa94@gmail.com   | 482c811da5d5b4bc6d497ffa98491e38 | Foz do Iguaçu - PR  |
|         15 | Eduardo Cardoso   | eduardo.cardoso95@gmail.com   | 482c811da5d5b4bc6d497ffa98491e38 | Curitiba - PR       |
|         16 | Fernanda Silva    | fernanda.silva96@gmail.com    | 482c811da5d5b4bc6d497ffa98491e38 | São Paulo - SP      |
|         17 | Guilherme Pereira | guilherme.pereira97@gmail.com | 482c811da5d5b4bc6d497ffa98491e38 | Rio de Janeiro - RJ |
|         18 | Helena Costa      | helena.costa98@gmail.com      | 482c811da5d5b4bc6d497ffa98491e38 | Salvador - BA       |
|         19 | Igor Lima         | igor.lima99@gmail.com         | 482c811da5d5b4bc6d497ffa98491e38 | Porto Alegre - RS   |
|         20 | Juliana Oliveira  | juliana.oliveira100@gmail.com | 482c811da5d5b4bc6d497ffa98491e38 | Brasília - DF       |
|         21 | Henrique Kim      | henrique.kim101@gmail.com     | 482c811da5d5b4bc6d497ffa98491e38 | Foz do Iguaçu - PR  |
|         22 | Manoel Smith      | manoel.smith102@gmail.com     | 482c811da5d5b4bc6d497ffa98491e38 | Curitiba - PR       |
|         23 | Lucas García      | lucas.garcia103@gmail.com     | 482c811da5d5b4bc6d497ffa98491e38 | São Paulo - SP      |
|         24 | Mateus Müller     | mateus.muller104@gmail.com    | 482c811da5d5b4bc6d497ffa98491e38 | Rio de Janeiro - RJ |
|         25 | Isaias Cardoso    | isaias.cardoso105@gmail.com   | 482c811da5d5b4bc6d497ffa98491e38 | Salvador - BA       |
|         26 | Henrique Smith    | henrique.smith106@gmail.com   | 482c811da5d5b4bc6d497ffa98491e38 | Porto Alegre - RS   |
|         27 | Manoel García     | manoel.garcia107@gmail.com    | 482c811da5d5b4bc6d497ffa98491e38 | Brasília - DF       |
|         28 | Lucas Müller      | lucas.muller108@gmail.com     | 482c811da5d5b4bc6d497ffa98491e38 | Manaus - AM         |
|         29 | Mateus Cardoso    | mateus.cardoso109@gmail.com   | 482c811da5d5b4bc6d497ffa98491e38 | Natal - RN          |
|         30 | Isaias Kim        | isaias.kim110@gmail.com       | 482c811da5d5b4bc6d497ffa98491e38 | Campo Grande - MS   |
+------------+-------------------+-------------------------------+----------------------------------+---------------------+
30 rows in set (0,02 sec)

mysql> select * from clientes \g
+------------+-------------------+-------------------------------+----------------------------------+---------------------+
| cliente_id | nome              | email                         | senha                            | endereco            |
+------------+-------------------+-------------------------------+----------------------------------+---------------------+
|          1 | Ana Silva         | ana.silva1@gmail.com          | 482c811da5d5b4bc6d497ffa98491e38 | Foz do Iguaçu - PR  |
|          2 | Bruno Pereira     | bruno.pereira2@gmail.com      | 482c811da5d5b4bc6d497ffa98491e38 | Curitiba - PR       |
|          3 | Carlos Costa      | carlos.costa3@gmail.com       | 482c811da5d5b4bc6d497ffa98491e38 | São Paulo - SP      |
|          4 | Daniela Lima      | daniela.lima4@gmail.com       | 482c811da5d5b4bc6d497ffa98491e38 | Rio de Janeiro - RJ |
|          5 | Eduardo Oliveira  | eduardo.oliveira5@gmail.com   | 482c811da5d5b4bc6d497ffa98491e38 | Salvador - BA       |
|          6 | Fernanda Martins  | fernanda.martins6@gmail.com   | 482c811da5d5b4bc6d497ffa98491e38 | Porto Alegre - RS   |
|          7 | Guilherme Rocha   | guilherme.rocha7@gmail.com    | 482c811da5d5b4bc6d497ffa98491e38 | Brasília - DF       |
|          8 | Helena Almeida    | helena.almeida8@gmail.com     | 482c811da5d5b4bc6d497ffa98491e38 | Manaus - AM         |
|          9 | Igor Barbosa      | igor.barbosa9@gmail.com       | 482c811da5d5b4bc6d497ffa98491e38 | Natal - RN          |
|         10 | Juliana Cardoso   | juliana.cardoso10@gmail.com   | 482c811da5d5b4bc6d497ffa98491e38 | Campo Grande - MS   |
|         11 | Ana Martins       | ana.martins91@gmail.com       | 482c811da5d5b4bc6d497ffa98491e38 | Manaus - AM         |
|         12 | Bruno Rocha       | bruno.rocha92@gmail.com       | 482c811da5d5b4bc6d497ffa98491e38 | Natal - RN          |
|         13 | Carlos Almeida    | carlos.almeida93@gmail.com    | 482c811da5d5b4bc6d497ffa98491e38 | Campo Grande - MS   |
|         14 | Daniela Barbosa   | daniela.barbosa94@gmail.com   | 482c811da5d5b4bc6d497ffa98491e38 | Foz do Iguaçu - PR  |
|         15 | Eduardo Cardoso   | eduardo.cardoso95@gmail.com   | 482c811da5d5b4bc6d497ffa98491e38 | Curitiba - PR       |
|         16 | Fernanda Silva    | fernanda.silva96@gmail.com    | 482c811da5d5b4bc6d497ffa98491e38 | São Paulo - SP      |
|         17 | Guilherme Pereira | guilherme.pereira97@gmail.com | 482c811da5d5b4bc6d497ffa98491e38 | Rio de Janeiro - RJ |
|         18 | Helena Costa      | helena.costa98@gmail.com      | 482c811da5d5b4bc6d497ffa98491e38 | Salvador - BA       |
|         19 | Igor Lima         | igor.lima99@gmail.com         | 482c811da5d5b4bc6d497ffa98491e38 | Porto Alegre - RS   |
|         20 | Juliana Oliveira  | juliana.oliveira100@gmail.com | 482c811da5d5b4bc6d497ffa98491e38 | Brasília - DF       |
|         21 | Henrique Kim      | henrique.kim101@gmail.com     | 482c811da5d5b4bc6d497ffa98491e38 | Foz do Iguaçu - PR  |
|         22 | Manoel Smith      | manoel.smith102@gmail.com     | 482c811da5d5b4bc6d497ffa98491e38 | Curitiba - PR       |
|         23 | Lucas García      | lucas.garcia103@gmail.com     | 482c811da5d5b4bc6d497ffa98491e38 | São Paulo - SP      |
|         24 | Mateus Müller     | mateus.muller104@gmail.com    | 482c811da5d5b4bc6d497ffa98491e38 | Rio de Janeiro - RJ |
|         25 | Isaias Cardoso    | isaias.cardoso105@gmail.com   | 482c811da5d5b4bc6d497ffa98491e38 | Salvador - BA       |
|         26 | Henrique Smith    | henrique.smith106@gmail.com   | 482c811da5d5b4bc6d497ffa98491e38 | Porto Alegre - RS   |
|         27 | Manoel García     | manoel.garcia107@gmail.com    | 482c811da5d5b4bc6d497ffa98491e38 | Brasília - DF       |
|         28 | Lucas Müller      | lucas.muller108@gmail.com     | 482c811da5d5b4bc6d497ffa98491e38 | Manaus - AM         |
|         29 | Mateus Cardoso    | mateus.cardoso109@gmail.com   | 482c811da5d5b4bc6d497ffa98491e38 | Natal - RN          |
|         30 | Isaias Kim        | isaias.kim110@gmail.com       | 482c811da5d5b4bc6d497ffa98491e38 | Campo Grande - MS   |
+------------+-------------------+-------------------------------+----------------------------------+---------------------+
30 rows in set (0,00 sec)

mysql> SELECT * FROM clienetes \G
ERROR 1146 (42S02): Table 'loja.clienetes' doesn't exist
mysql> SELECT * FROM clientes \G
*************************** 1. row ***************************
cliente_id: 1
      nome: Ana Silva
     email: ana.silva1@gmail.com
     senha: 482c811da5d5b4bc6d497ffa98491e38
  endereco: Foz do Iguaçu - PR
*************************** 2. row ***************************
cliente_id: 2
      nome: Bruno Pereira
     email: bruno.pereira2@gmail.com
     senha: 482c811da5d5b4bc6d497ffa98491e38
  endereco: Curitiba - PR
*************************** 3. row ***************************
cliente_id: 3
      nome: Carlos Costa
     email: carlos.costa3@gmail.com
     senha: 482c811da5d5b4bc6d497ffa98491e38
  endereco: São Paulo - SP
*************************** 4. row ***************************
cliente_id: 4
      nome: Daniela Lima
     email: daniela.lima4@gmail.com
     senha: 482c811da5d5b4bc6d497ffa98491e38
  endereco: Rio de Janeiro - RJ
*************************** 5. row ***************************
cliente_id: 5
      nome: Eduardo Oliveira
     email: eduardo.oliveira5@gmail.com
     senha: 482c811da5d5b4bc6d497ffa98491e38
  endereco: Salvador - BA
*************************** 6. row ***************************
cliente_id: 6
      nome: Fernanda Martins
     email: fernanda.martins6@gmail.com
     senha: 482c811da5d5b4bc6d497ffa98491e38
  endereco: Porto Alegre - RS
*************************** 7. row ***************************
cliente_id: 7
      nome: Guilherme Rocha
     email: guilherme.rocha7@gmail.com
     senha: 482c811da5d5b4bc6d497ffa98491e38
  endereco: Brasília - DF
*************************** 8. row ***************************
cliente_id: 8
      nome: Helena Almeida
     email: helena.almeida8@gmail.com
     senha: 482c811da5d5b4bc6d497ffa98491e38
  endereco: Manaus - AM
*************************** 9. row ***************************
cliente_id: 9
      nome: Igor Barbosa
     email: igor.barbosa9@gmail.com
     senha: 482c811da5d5b4bc6d497ffa98491e38
  endereco: Natal - RN
*************************** 10. row ***************************
cliente_id: 10
      nome: Juliana Cardoso
     email: juliana.cardoso10@gmail.com
     senha: 482c811da5d5b4bc6d497ffa98491e38
  endereco: Campo Grande - MS
*************************** 11. row ***************************
cliente_id: 11
      nome: Ana Martins
     email: ana.martins91@gmail.com
     senha: 482c811da5d5b4bc6d497ffa98491e38
  endereco: Manaus - AM
*************************** 12. row ***************************
cliente_id: 12
      nome: Bruno Rocha
     email: bruno.rocha92@gmail.com
     senha: 482c811da5d5b4bc6d497ffa98491e38
  endereco: Natal - RN
*************************** 13. row ***************************
cliente_id: 13
      nome: Carlos Almeida
     email: carlos.almeida93@gmail.com
     senha: 482c811da5d5b4bc6d497ffa98491e38
  endereco: Campo Grande - MS
*************************** 14. row ***************************
cliente_id: 14
      nome: Daniela Barbosa
     email: daniela.barbosa94@gmail.com
     senha: 482c811da5d5b4bc6d497ffa98491e38
  endereco: Foz do Iguaçu - PR
*************************** 15. row ***************************
cliente_id: 15
      nome: Eduardo Cardoso
     email: eduardo.cardoso95@gmail.com
     senha: 482c811da5d5b4bc6d497ffa98491e38
  endereco: Curitiba - PR
*************************** 16. row ***************************
cliente_id: 16
      nome: Fernanda Silva
     email: fernanda.silva96@gmail.com
     senha: 482c811da5d5b4bc6d497ffa98491e38
  endereco: São Paulo - SP
*************************** 17. row ***************************
cliente_id: 17
      nome: Guilherme Pereira
     email: guilherme.pereira97@gmail.com
     senha: 482c811da5d5b4bc6d497ffa98491e38
  endereco: Rio de Janeiro - RJ
*************************** 18. row ***************************
cliente_id: 18
      nome: Helena Costa
     email: helena.costa98@gmail.com
     senha: 482c811da5d5b4bc6d497ffa98491e38
  endereco: Salvador - BA
*************************** 19. row ***************************
cliente_id: 19
      nome: Igor Lima
     email: igor.lima99@gmail.com
     senha: 482c811da5d5b4bc6d497ffa98491e38
  endereco: Porto Alegre - RS
*************************** 20. row ***************************
cliente_id: 20
      nome: Juliana Oliveira
     email: juliana.oliveira100@gmail.com
     senha: 482c811da5d5b4bc6d497ffa98491e38
  endereco: Brasília - DF
*************************** 21. row ***************************
cliente_id: 21
      nome: Henrique Kim
     email: henrique.kim101@gmail.com
     senha: 482c811da5d5b4bc6d497ffa98491e38
  endereco: Foz do Iguaçu - PR
*************************** 22. row ***************************
cliente_id: 22
      nome: Manoel Smith
     email: manoel.smith102@gmail.com
     senha: 482c811da5d5b4bc6d497ffa98491e38
  endereco: Curitiba - PR
*************************** 23. row ***************************
cliente_id: 23
      nome: Lucas García
     email: lucas.garcia103@gmail.com
     senha: 482c811da5d5b4bc6d497ffa98491e38
  endereco: São Paulo - SP
*************************** 24. row ***************************
cliente_id: 24
      nome: Mateus Müller
     email: mateus.muller104@gmail.com
     senha: 482c811da5d5b4bc6d497ffa98491e38
  endereco: Rio de Janeiro - RJ
*************************** 25. row ***************************
cliente_id: 25
      nome: Isaias Cardoso
     email: isaias.cardoso105@gmail.com
     senha: 482c811da5d5b4bc6d497ffa98491e38
  endereco: Salvador - BA
*************************** 26. row ***************************
cliente_id: 26
      nome: Henrique Smith
     email: henrique.smith106@gmail.com
     senha: 482c811da5d5b4bc6d497ffa98491e38
  endereco: Porto Alegre - RS
*************************** 27. row ***************************
cliente_id: 27
      nome: Manoel García
     email: manoel.garcia107@gmail.com
     senha: 482c811da5d5b4bc6d497ffa98491e38
  endereco: Brasília - DF
*************************** 28. row ***************************
cliente_id: 28
      nome: Lucas Müller
     email: lucas.muller108@gmail.com
     senha: 482c811da5d5b4bc6d497ffa98491e38
  endereco: Manaus - AM
*************************** 29. row ***************************
cliente_id: 29
      nome: Mateus Cardoso
     email: mateus.cardoso109@gmail.com
     senha: 482c811da5d5b4bc6d497ffa98491e38
  endereco: Natal - RN
*************************** 30. row ***************************
cliente_id: 30
      nome: Isaias Kim
     email: isaias.kim110@gmail.com
     senha: 482c811da5d5b4bc6d497ffa98491e38
  endereco: Campo Grande - MS
30 rows in set (0,00 sec)

mysql> SELECT * FROM clientes WHERE cliente_id= 12\G
*************************** 1. row ***************************
cliente_id: 12
      nome: Bruno Rocha
     email: bruno.rocha92@gmail.com
     senha: 482c811da5d5b4bc6d497ffa98491e38
  endereco: Natal - RN
1 row in set (0,01 sec)

mysql> SELECT * FROM clientes WHERE cliente_id=12;
+------------+-------------+-------------------------+----------------------------------+------------+
| cliente_id | nome        | email                   | senha                            | endereco   |
+------------+-------------+-------------------------+----------------------------------+------------+
|         12 | Bruno Rocha | bruno.rocha92@gmail.com | 482c811da5d5b4bc6d497ffa98491e38 | Natal - RN |
+------------+-------------+-------------------------+----------------------------------+------------+
1 row in set (0,00 sec)

mysql> SELECT * FROM clientes WHERE cliente_id = 14;
+------------+-----------------+-----------------------------+----------------------------------+---------------------+
| cliente_id | nome            | email                       | senha                            | endereco            |
+------------+-----------------+-----------------------------+----------------------------------+---------------------+
|         14 | Daniela Barbosa | daniela.barbosa94@gmail.com | 482c811da5d5b4bc6d497ffa98491e38 | Foz do Iguaçu - PR  |
+------------+-----------------+-----------------------------+----------------------------------+---------------------+
1 row in set (0,00 sec)

mysql> ^C
mysql> select 2*2;
+-----+
| 2*2 |
+-----+
|   4 |
+-----+
1 row in set (0,00 sec)

mysql> describe produtos;
+--------------+---------------+------+-----+---------+----------------+
| Field        | Type          | Null | Key | Default | Extra          |
+--------------+---------------+------+-----+---------+----------------+
| produto_id   | int           | NO   | PRI | NULL    | auto_increment |
| nome         | varchar(255)  | NO   |     | NULL    |                |
| descricao    | text          | YES  |     | NULL    |                |
| preco        | decimal(10,2) | NO   |     | NULL    |                |
| qtde_estoque | int           | NO   |     | NULL    |                |
+--------------+---------------+------+-----+---------+----------------+
5 rows in set (0,00 sec)

mysql> select nome, preco from produtos;
+-----------------------------------------+---------+
| nome                                    | preco   |
+-----------------------------------------+---------+
| Notebook Gamer A1                       | 4500.00 |
| Mouse Sem Fio M2                        |   80.00 |
| Teclado Mecânico T3                     |  250.00 |
| Monitor LED 24" L4                      |  800.00 |
| SSD 512GB S5                            |  500.00 |
| Placa de Vídeo V6                       | 3200.00 |
| Fonte 650W F7                           |  400.00 |
| Headset Gamer H8                        |  350.00 |
| Cooler para CPU C9                      |  150.00 |
| Gabinete Gamer G10                      |  300.00 |
| Router Wi-Fi R11                        |  700.00 |
| Tablet Tela 10" T12                     | 1300.00 |
| Pendrive USB 3.0 P13                    |  150.00 |
| Cadeira Gamer C14                       |  850.00 |
| Webcam Full HD W15                      |  300.00 |
| Impressora Laser I16                    | 1000.00 |
| Microfone USB M17                       |  500.00 |
| Mousepad Gamer MP18                     |   70.00 |
| Placa-mãe ATX PM19                      | 1200.00 |
| RAM 16GB Dual Channel R20               |  600.00 |
| HD Externo 2TB H21                      |  500.00 |
| Teclado Sem Fio K22                     |  200.00 |
| Mouse Gamer RGB M23                     |  180.00 |
| Monitor Curvo 27" M24                   | 1500.00 |
| Dock Station D25                        |  400.00 |
| Processador Octa-Core P26               | 2200.00 |
| Adaptador Bluetooth B27                 |   50.00 |
| Case para Notebook N28                  |  120.00 |
| Kit Limpeza Computador L29              |   80.00 |
| Cabo HDMI 2.0 C30                       |   75.00 |
| Placa de Som USB S31                    |  150.00 |
| Cooler RGB C32                          |  120.00 |
| Armazenamento NAS N33                   | 2500.00 |
| Teclado RGB K34                         |  350.00 |
| Repetidor Wi-Fi R35                     |  200.00 |
| Carregador Wireless W36                 |  170.00 |
| Fonte Modular 750W F37                  |  500.00 |
| Hub USB 3.0 H38                         |  150.00 |
| Software Antivírus A39                  |  220.00 |
| Software Edição Gráfica E40             | 1900.00 |
| Ventoinha RGB 120mm V41                 |  100.00 |
| Gabinete Mini-ITX G42                   |  450.00 |
| Controlador de Fans C43                 |  250.00 |
| Tampa de Webcam WC44                    |   30.00 |
| Headset Bluetooth B45                   |  700.00 |
| Suporte para Monitor S46                |  300.00 |
| Memória RAM 32GB R47                    | 1200.00 |
| Adaptador DisplayPort D48               |   90.00 |
| SSD M.2 1TB M49                         | 1000.00 |
| Mousepad com Carregamento M50           |  180.00 |
| Mouse Ergonômico M51                    |  120.00 |
| Protetor de Tela T52                    |   60.00 |
| Microfone Lapela L53                    |  180.00 |
| Bolsa para Notebook B54                 |  220.00 |
| Placa Mãe Micro-ATX P55                 |  850.00 |
| Adaptador OTG A56                       |   30.00 |
| Cabo Ethernet CAT7 C57                  |   70.00 |
| Software Office O58                     |  900.00 |
| Mousepad Estendido M59                  |  110.00 |
| Router Mesh RM60                        | 1200.00 |
| Adaptador Multiportas AM61              |  300.00 |
| Impressora 3D I62                       | 2200.00 |
| Joystick para PC J63                    |  350.00 |
| Teclado Numérico T64                    |   80.00 |
| Cartão de Memória SD 128GB C65          |  150.00 |
| Cabo USB-C para Lightning L66           |   90.00 |
| Caixa de Som Bluetooth S67              |  400.00 |
| Estabilizador E68                       |  250.00 |
| Scanner Portátil SP69                   |  350.00 |
| Mesa Digitalizadora M70                 |  900.00 |
| Placa de Rede WiFi PW71                 |  180.00 |
| HD Interno 4TB HI72                     |  800.00 |
| Roteador VPN RV73                       |  700.00 |
| Suporte para CPU SC74                   |  150.00 |
| Carregador Universal CU75               |  250.00 |
| Adaptador VGA para HDMI V76             |  110.00 |
| Software de Backup B77                  |  500.00 |
| Licença Windows W78                     |  700.00 |
| Kit de Ferramentas FT79                 |  150.00 |
| Drive Óptico Externo DE80               |  180.00 |
| Bateria Externa 20000mAh BE81           |  250.00 |
| Estação de Solda ES82                   |  300.00 |
| Filtro de Linha FL83                    |   90.00 |
| Monitor LED 4K 32" M84                  | 2500.00 |
| Fonte de Bancada FB85                   |  450.00 |
| Mouse Bungee MB86                       |   50.00 |
| Cam Webcam Full HD W87                  |  280.00 |
| Adaptador de Tomada AT88                |   60.00 |
| Software de Edição de Vídeo EV89        | 1500.00 |
| Hub Tipo-C HC90                         |  280.00 |
| Cooler para Notebook CN91               |  130.00 |
| Leitor de Cartão LC92                   |   60.00 |
| Software de Recuperação de Dados RD93   |  300.00 |
| Monitor de Referência RM94              | 4000.00 |
| Limpador de Teclado LT95                |   30.00 |
| Case HDD Externo CH96                   |   90.00 |
| Placa de Captura PC97                   |  900.00 |
| Router Gigabit RG98                     |  600.00 |
| Extensor de Alcance WiFi EW99           |  220.00 |
| SSD Externo 512GB SE100                 |  600.00 |
+-----------------------------------------+---------+
100 rows in set (0,01 sec)

mysql> select nome, preco, qtde_estoque, preco* qtde_estoque from produtos;
+-----------------------------------------+---------+--------------+---------------------+
| nome                                    | preco   | qtde_estoque | preco* qtde_estoque |
+-----------------------------------------+---------+--------------+---------------------+
| Notebook Gamer A1                       | 4500.00 |          100 |           450000.00 |
| Mouse Sem Fio M2                        |   80.00 |          100 |             8000.00 |
| Teclado Mecânico T3                     |  250.00 |          100 |            25000.00 |
| Monitor LED 24" L4                      |  800.00 |          100 |            80000.00 |
| SSD 512GB S5                            |  500.00 |          100 |            50000.00 |
| Placa de Vídeo V6                       | 3200.00 |          100 |           320000.00 |
| Fonte 650W F7                           |  400.00 |          100 |            40000.00 |
| Headset Gamer H8                        |  350.00 |          100 |            35000.00 |
| Cooler para CPU C9                      |  150.00 |          100 |            15000.00 |
| Gabinete Gamer G10                      |  300.00 |          100 |            30000.00 |
| Router Wi-Fi R11                        |  700.00 |          100 |            70000.00 |
| Tablet Tela 10" T12                     | 1300.00 |          100 |           130000.00 |
| Pendrive USB 3.0 P13                    |  150.00 |          100 |            15000.00 |
| Cadeira Gamer C14                       |  850.00 |          100 |            85000.00 |
| Webcam Full HD W15                      |  300.00 |          100 |            30000.00 |
| Impressora Laser I16                    | 1000.00 |          100 |           100000.00 |
| Microfone USB M17                       |  500.00 |          100 |            50000.00 |
| Mousepad Gamer MP18                     |   70.00 |          100 |             7000.00 |
| Placa-mãe ATX PM19                      | 1200.00 |          100 |           120000.00 |
| RAM 16GB Dual Channel R20               |  600.00 |          100 |            60000.00 |
| HD Externo 2TB H21                      |  500.00 |          100 |            50000.00 |
| Teclado Sem Fio K22                     |  200.00 |          100 |            20000.00 |
| Mouse Gamer RGB M23                     |  180.00 |          100 |            18000.00 |
| Monitor Curvo 27" M24                   | 1500.00 |          100 |           150000.00 |
| Dock Station D25                        |  400.00 |          100 |            40000.00 |
| Processador Octa-Core P26               | 2200.00 |          100 |           220000.00 |
| Adaptador Bluetooth B27                 |   50.00 |          100 |             5000.00 |
| Case para Notebook N28                  |  120.00 |          100 |            12000.00 |
| Kit Limpeza Computador L29              |   80.00 |          100 |             8000.00 |
| Cabo HDMI 2.0 C30                       |   75.00 |          100 |             7500.00 |
| Placa de Som USB S31                    |  150.00 |          100 |            15000.00 |
| Cooler RGB C32                          |  120.00 |          100 |            12000.00 |
| Armazenamento NAS N33                   | 2500.00 |          100 |           250000.00 |
| Teclado RGB K34                         |  350.00 |          100 |            35000.00 |
| Repetidor Wi-Fi R35                     |  200.00 |          100 |            20000.00 |
| Carregador Wireless W36                 |  170.00 |          100 |            17000.00 |
| Fonte Modular 750W F37                  |  500.00 |          100 |            50000.00 |
| Hub USB 3.0 H38                         |  150.00 |          100 |            15000.00 |
| Software Antivírus A39                  |  220.00 |          100 |            22000.00 |
| Software Edição Gráfica E40             | 1900.00 |          100 |           190000.00 |
| Ventoinha RGB 120mm V41                 |  100.00 |          100 |            10000.00 |
| Gabinete Mini-ITX G42                   |  450.00 |          100 |            45000.00 |
| Controlador de Fans C43                 |  250.00 |          100 |            25000.00 |
| Tampa de Webcam WC44                    |   30.00 |          100 |             3000.00 |
| Headset Bluetooth B45                   |  700.00 |          100 |            70000.00 |
| Suporte para Monitor S46                |  300.00 |          100 |            30000.00 |
| Memória RAM 32GB R47                    | 1200.00 |          100 |           120000.00 |
| Adaptador DisplayPort D48               |   90.00 |          100 |             9000.00 |
| SSD M.2 1TB M49                         | 1000.00 |          100 |           100000.00 |
| Mousepad com Carregamento M50           |  180.00 |          100 |            18000.00 |
| Mouse Ergonômico M51                    |  120.00 |          100 |            12000.00 |
| Protetor de Tela T52                    |   60.00 |          100 |             6000.00 |
| Microfone Lapela L53                    |  180.00 |          100 |            18000.00 |
| Bolsa para Notebook B54                 |  220.00 |          100 |            22000.00 |
| Placa Mãe Micro-ATX P55                 |  850.00 |          100 |            85000.00 |
| Adaptador OTG A56                       |   30.00 |          100 |             3000.00 |
| Cabo Ethernet CAT7 C57                  |   70.00 |          100 |             7000.00 |
| Software Office O58                     |  900.00 |          100 |            90000.00 |
| Mousepad Estendido M59                  |  110.00 |          100 |            11000.00 |
| Router Mesh RM60                        | 1200.00 |          100 |           120000.00 |
| Adaptador Multiportas AM61              |  300.00 |          100 |            30000.00 |
| Impressora 3D I62                       | 2200.00 |          100 |           220000.00 |
| Joystick para PC J63                    |  350.00 |          100 |            35000.00 |
| Teclado Numérico T64                    |   80.00 |          100 |             8000.00 |
| Cartão de Memória SD 128GB C65          |  150.00 |          100 |            15000.00 |
| Cabo USB-C para Lightning L66           |   90.00 |          100 |             9000.00 |
| Caixa de Som Bluetooth S67              |  400.00 |          100 |            40000.00 |
| Estabilizador E68                       |  250.00 |          100 |            25000.00 |
| Scanner Portátil SP69                   |  350.00 |          100 |            35000.00 |
| Mesa Digitalizadora M70                 |  900.00 |          100 |            90000.00 |
| Placa de Rede WiFi PW71                 |  180.00 |          100 |            18000.00 |
| HD Interno 4TB HI72                     |  800.00 |          100 |            80000.00 |
| Roteador VPN RV73                       |  700.00 |          100 |            70000.00 |
| Suporte para CPU SC74                   |  150.00 |          100 |            15000.00 |
| Carregador Universal CU75               |  250.00 |          100 |            25000.00 |
| Adaptador VGA para HDMI V76             |  110.00 |          100 |            11000.00 |
| Software de Backup B77                  |  500.00 |          100 |            50000.00 |
| Licença Windows W78                     |  700.00 |          100 |            70000.00 |
| Kit de Ferramentas FT79                 |  150.00 |          100 |            15000.00 |
| Drive Óptico Externo DE80               |  180.00 |          100 |            18000.00 |
| Bateria Externa 20000mAh BE81           |  250.00 |          100 |            25000.00 |
| Estação de Solda ES82                   |  300.00 |          100 |            30000.00 |
| Filtro de Linha FL83                    |   90.00 |          100 |             9000.00 |
| Monitor LED 4K 32" M84                  | 2500.00 |          100 |           250000.00 |
| Fonte de Bancada FB85                   |  450.00 |          100 |            45000.00 |
| Mouse Bungee MB86                       |   50.00 |          100 |             5000.00 |
| Cam Webcam Full HD W87                  |  280.00 |          100 |            28000.00 |
| Adaptador de Tomada AT88                |   60.00 |          100 |             6000.00 |
| Software de Edição de Vídeo EV89        | 1500.00 |          100 |           150000.00 |
| Hub Tipo-C HC90                         |  280.00 |          100 |            28000.00 |
| Cooler para Notebook CN91               |  130.00 |          100 |            13000.00 |
| Leitor de Cartão LC92                   |   60.00 |          100 |             6000.00 |
| Software de Recuperação de Dados RD93   |  300.00 |          100 |            30000.00 |
| Monitor de Referência RM94              | 4000.00 |          100 |           400000.00 |
| Limpador de Teclado LT95                |   30.00 |          100 |             3000.00 |
| Case HDD Externo CH96                   |   90.00 |          100 |             9000.00 |
| Placa de Captura PC97                   |  900.00 |          100 |            90000.00 |
| Router Gigabit RG98                     |  600.00 |          100 |            60000.00 |
| Extensor de Alcance WiFi EW99           |  220.00 |          100 |            22000.00 |
| SSD Externo 512GB SE100                 |  600.00 |          100 |            60000.00 |
+-----------------------------------------+---------+--------------+---------------------+
100 rows in set (0,00 sec)

mysql> select nome, preco, qtde_estoque, preco* qtde_estoque AS valor_estoque  from produtos;
+-----------------------------------------+---------+--------------+---------------+
| nome                                    | preco   | qtde_estoque | valor_estoque |
+-----------------------------------------+---------+--------------+---------------+
| Notebook Gamer A1                       | 4500.00 |          100 |     450000.00 |
| Mouse Sem Fio M2                        |   80.00 |          100 |       8000.00 |
| Teclado Mecânico T3                     |  250.00 |          100 |      25000.00 |
| Monitor LED 24" L4                      |  800.00 |          100 |      80000.00 |
| SSD 512GB S5                            |  500.00 |          100 |      50000.00 |
| Placa de Vídeo V6                       | 3200.00 |          100 |     320000.00 |
| Fonte 650W F7                           |  400.00 |          100 |      40000.00 |
| Headset Gamer H8                        |  350.00 |          100 |      35000.00 |
| Cooler para CPU C9                      |  150.00 |          100 |      15000.00 |
| Gabinete Gamer G10                      |  300.00 |          100 |      30000.00 |
| Router Wi-Fi R11                        |  700.00 |          100 |      70000.00 |
| Tablet Tela 10" T12                     | 1300.00 |          100 |     130000.00 |
| Pendrive USB 3.0 P13                    |  150.00 |          100 |      15000.00 |
| Cadeira Gamer C14                       |  850.00 |          100 |      85000.00 |
| Webcam Full HD W15                      |  300.00 |          100 |      30000.00 |
| Impressora Laser I16                    | 1000.00 |          100 |     100000.00 |
| Microfone USB M17                       |  500.00 |          100 |      50000.00 |
| Mousepad Gamer MP18                     |   70.00 |          100 |       7000.00 |
| Placa-mãe ATX PM19                      | 1200.00 |          100 |     120000.00 |
| RAM 16GB Dual Channel R20               |  600.00 |          100 |      60000.00 |
| HD Externo 2TB H21                      |  500.00 |          100 |      50000.00 |
| Teclado Sem Fio K22                     |  200.00 |          100 |      20000.00 |
| Mouse Gamer RGB M23                     |  180.00 |          100 |      18000.00 |
| Monitor Curvo 27" M24                   | 1500.00 |          100 |     150000.00 |
| Dock Station D25                        |  400.00 |          100 |      40000.00 |
| Processador Octa-Core P26               | 2200.00 |          100 |     220000.00 |
| Adaptador Bluetooth B27                 |   50.00 |          100 |       5000.00 |
| Case para Notebook N28                  |  120.00 |          100 |      12000.00 |
| Kit Limpeza Computador L29              |   80.00 |          100 |       8000.00 |
| Cabo HDMI 2.0 C30                       |   75.00 |          100 |       7500.00 |
| Placa de Som USB S31                    |  150.00 |          100 |      15000.00 |
| Cooler RGB C32                          |  120.00 |          100 |      12000.00 |
| Armazenamento NAS N33                   | 2500.00 |          100 |     250000.00 |
| Teclado RGB K34                         |  350.00 |          100 |      35000.00 |
| Repetidor Wi-Fi R35                     |  200.00 |          100 |      20000.00 |
| Carregador Wireless W36                 |  170.00 |          100 |      17000.00 |
| Fonte Modular 750W F37                  |  500.00 |          100 |      50000.00 |
| Hub USB 3.0 H38                         |  150.00 |          100 |      15000.00 |
| Software Antivírus A39                  |  220.00 |          100 |      22000.00 |
| Software Edição Gráfica E40             | 1900.00 |          100 |     190000.00 |
| Ventoinha RGB 120mm V41                 |  100.00 |          100 |      10000.00 |
| Gabinete Mini-ITX G42                   |  450.00 |          100 |      45000.00 |
| Controlador de Fans C43                 |  250.00 |          100 |      25000.00 |
| Tampa de Webcam WC44                    |   30.00 |          100 |       3000.00 |
| Headset Bluetooth B45                   |  700.00 |          100 |      70000.00 |
| Suporte para Monitor S46                |  300.00 |          100 |      30000.00 |
| Memória RAM 32GB R47                    | 1200.00 |          100 |     120000.00 |
| Adaptador DisplayPort D48               |   90.00 |          100 |       9000.00 |
| SSD M.2 1TB M49                         | 1000.00 |          100 |     100000.00 |
| Mousepad com Carregamento M50           |  180.00 |          100 |      18000.00 |
| Mouse Ergonômico M51                    |  120.00 |          100 |      12000.00 |
| Protetor de Tela T52                    |   60.00 |          100 |       6000.00 |
| Microfone Lapela L53                    |  180.00 |          100 |      18000.00 |
| Bolsa para Notebook B54                 |  220.00 |          100 |      22000.00 |
| Placa Mãe Micro-ATX P55                 |  850.00 |          100 |      85000.00 |
| Adaptador OTG A56                       |   30.00 |          100 |       3000.00 |
| Cabo Ethernet CAT7 C57                  |   70.00 |          100 |       7000.00 |
| Software Office O58                     |  900.00 |          100 |      90000.00 |
| Mousepad Estendido M59                  |  110.00 |          100 |      11000.00 |
| Router Mesh RM60                        | 1200.00 |          100 |     120000.00 |
| Adaptador Multiportas AM61              |  300.00 |          100 |      30000.00 |
| Impressora 3D I62                       | 2200.00 |          100 |     220000.00 |
| Joystick para PC J63                    |  350.00 |          100 |      35000.00 |
| Teclado Numérico T64                    |   80.00 |          100 |       8000.00 |
| Cartão de Memória SD 128GB C65          |  150.00 |          100 |      15000.00 |
| Cabo USB-C para Lightning L66           |   90.00 |          100 |       9000.00 |
| Caixa de Som Bluetooth S67              |  400.00 |          100 |      40000.00 |
| Estabilizador E68                       |  250.00 |          100 |      25000.00 |
| Scanner Portátil SP69                   |  350.00 |          100 |      35000.00 |
| Mesa Digitalizadora M70                 |  900.00 |          100 |      90000.00 |
| Placa de Rede WiFi PW71                 |  180.00 |          100 |      18000.00 |
| HD Interno 4TB HI72                     |  800.00 |          100 |      80000.00 |
| Roteador VPN RV73                       |  700.00 |          100 |      70000.00 |
| Suporte para CPU SC74                   |  150.00 |          100 |      15000.00 |
| Carregador Universal CU75               |  250.00 |          100 |      25000.00 |
| Adaptador VGA para HDMI V76             |  110.00 |          100 |      11000.00 |
| Software de Backup B77                  |  500.00 |          100 |      50000.00 |
| Licença Windows W78                     |  700.00 |          100 |      70000.00 |
| Kit de Ferramentas FT79                 |  150.00 |          100 |      15000.00 |
| Drive Óptico Externo DE80               |  180.00 |          100 |      18000.00 |
| Bateria Externa 20000mAh BE81           |  250.00 |          100 |      25000.00 |
| Estação de Solda ES82                   |  300.00 |          100 |      30000.00 |
| Filtro de Linha FL83                    |   90.00 |          100 |       9000.00 |
| Monitor LED 4K 32" M84                  | 2500.00 |          100 |     250000.00 |
| Fonte de Bancada FB85                   |  450.00 |          100 |      45000.00 |
| Mouse Bungee MB86                       |   50.00 |          100 |       5000.00 |
| Cam Webcam Full HD W87                  |  280.00 |          100 |      28000.00 |
| Adaptador de Tomada AT88                |   60.00 |          100 |       6000.00 |
| Software de Edição de Vídeo EV89        | 1500.00 |          100 |     150000.00 |
| Hub Tipo-C HC90                         |  280.00 |          100 |      28000.00 |
| Cooler para Notebook CN91               |  130.00 |          100 |      13000.00 |
| Leitor de Cartão LC92                   |   60.00 |          100 |       6000.00 |
| Software de Recuperação de Dados RD93   |  300.00 |          100 |      30000.00 |
| Monitor de Referência RM94              | 4000.00 |          100 |     400000.00 |
| Limpador de Teclado LT95                |   30.00 |          100 |       3000.00 |
| Case HDD Externo CH96                   |   90.00 |          100 |       9000.00 |
| Placa de Captura PC97                   |  900.00 |          100 |      90000.00 |
| Router Gigabit RG98                     |  600.00 |          100 |      60000.00 |
| Extensor de Alcance WiFi EW99           |  220.00 |          100 |      22000.00 |
| SSD Externo 512GB SE100                 |  600.00 |          100 |      60000.00 |
+-----------------------------------------+---------+--------------+---------------+
100 rows in set (0,00 sec)

mysql> select nome, preco, qtde_estoque, preco* qtde_estoque AS valor_estoque  from produtos LIMIT 5;
+----------------------+---------+--------------+---------------+
| nome                 | preco   | qtde_estoque | valor_estoque |
+----------------------+---------+--------------+---------------+
| Notebook Gamer A1    | 4500.00 |          100 |     450000.00 |
| Mouse Sem Fio M2     |   80.00 |          100 |       8000.00 |
| Teclado Mecânico T3  |  250.00 |          100 |      25000.00 |
| Monitor LED 24" L4   |  800.00 |          100 |      80000.00 |
| SSD 512GB S5         |  500.00 |          100 |      50000.00 |
+----------------------+---------+--------------+---------------+
5 rows in set (0,00 sec)

mysql> select nome, preco, qtde_estoque, preco* qtde_estoque AS valor_estoque  from produtos WHERE preco <= 999 LIMIT 5;
+----------------------+--------+--------------+---------------+
| nome                 | preco  | qtde_estoque | valor_estoque |
+----------------------+--------+--------------+---------------+
| Mouse Sem Fio M2     |  80.00 |          100 |       8000.00 |
| Teclado Mecânico T3  | 250.00 |          100 |      25000.00 |
| Monitor LED 24" L4   | 800.00 |          100 |      80000.00 |
| SSD 512GB S5         | 500.00 |          100 |      50000.00 |
| Fonte 650W F7        | 400.00 |          100 |      40000.00 |
+----------------------+--------+--------------+---------------+
5 rows in set (0,00 sec)

mysql> select nome, preco, qtde_estoque, preco* qtde_estoque AS valor_estoque  from produtos WHERE produto_id IN (2, 7, 9, 10, 11) LIMIT 5;
+--------------------+--------+--------------+---------------+
| nome               | preco  | qtde_estoque | valor_estoque |
+--------------------+--------+--------------+---------------+
| Mouse Sem Fio M2   |  80.00 |          100 |       8000.00 |
| Fonte 650W F7      | 400.00 |          100 |      40000.00 |
| Cooler para CPU C9 | 150.00 |          100 |      15000.00 |
| Gabinete Gamer G10 | 300.00 |          100 |      30000.00 |
| Router Wi-Fi R11   | 700.00 |          100 |      70000.00 |
+--------------------+--------+--------------+---------------+
5 rows in set (0,00 sec)

mysql> select nome, preco, qtde_estoque, preco* qtde_estoque AS valor_estoque  from produtos WHERE produto_id IN (2, 7, 9, 10, 11) ORDER BY nome;
+--------------------+--------+--------------+---------------+
| nome               | preco  | qtde_estoque | valor_estoque |
+--------------------+--------+--------------+---------------+
| Cooler para CPU C9 | 150.00 |          100 |      15000.00 |
| Fonte 650W F7      | 400.00 |          100 |      40000.00 |
| Gabinete Gamer G10 | 300.00 |          100 |      30000.00 |
| Mouse Sem Fio M2   |  80.00 |          100 |       8000.00 |
| Router Wi-Fi R11   | 700.00 |          100 |      70000.00 |
+--------------------+--------+--------------+---------------+
5 rows in set (0,00 sec)

mysql> select nome, preco, qtde_estoque, preco* qtde_estoque AS valor_estoque  from produtos WHERE produto_id IN (2, 7, 9, 10, 11) ORDER BY preco;
+--------------------+--------+--------------+---------------+
| nome               | preco  | qtde_estoque | valor_estoque |
+--------------------+--------+--------------+---------------+
| Mouse Sem Fio M2   |  80.00 |          100 |       8000.00 |
| Cooler para CPU C9 | 150.00 |          100 |      15000.00 |
| Gabinete Gamer G10 | 300.00 |          100 |      30000.00 |
| Fonte 650W F7      | 400.00 |          100 |      40000.00 |
| Router Wi-Fi R11   | 700.00 |          100 |      70000.00 |
+--------------------+--------+--------------+---------------+
5 rows in set (0,00 sec)

mysql> select nome, preco, qtde_estoque, preco* qtde_estoque AS valor_estoque  from produtos WHERE produto_id IN (2, 7, 9, 10, 11) ORDER BY preco ASC;
+--------------------+--------+--------------+---------------+
| nome               | preco  | qtde_estoque | valor_estoque |
+--------------------+--------+--------------+---------------+
| Mouse Sem Fio M2   |  80.00 |          100 |       8000.00 |
| Cooler para CPU C9 | 150.00 |          100 |      15000.00 |
| Gabinete Gamer G10 | 300.00 |          100 |      30000.00 |
| Fonte 650W F7      | 400.00 |          100 |      40000.00 |
| Router Wi-Fi R11   | 700.00 |          100 |      70000.00 |
+--------------------+--------+--------------+---------------+
5 rows in set (0,00 sec)

mysql> select nome, preco, qtde_estoque, preco* qtde_estoque AS valor_estoque  from produtos WHERE produto_id IN (2, 7, 9, 10, 11) ORDER BY preco DESC;
+--------------------+--------+--------------+---------------+
| nome               | preco  | qtde_estoque | valor_estoque |
+--------------------+--------+--------------+---------------+
| Router Wi-Fi R11   | 700.00 |          100 |      70000.00 |
| Fonte 650W F7      | 400.00 |          100 |      40000.00 |
| Gabinete Gamer G10 | 300.00 |          100 |      30000.00 |
| Cooler para CPU C9 | 150.00 |          100 |      15000.00 |
| Mouse Sem Fio M2   |  80.00 |          100 |       8000.00 |
+--------------------+--------+--------------+---------------+
5 rows in set (0,00 sec)

mysql> SELECT SUM (preco*qtde_estoque) FROM produtos;
ERROR 1630 (42000): FUNCTION loja.SUM does not exist. Check the 'Function Name Parsing and Resolution' section in the Reference Manual
mysql> SELECT SUM(preco*qtde_estoque) FROM produtos;
+-------------------------+
| SUM(preco*qtde_estoque) |
+-------------------------+
|              5828500.00 |
+-------------------------+
1 row in set (0,01 sec)

mysql> SELECT AVG(preco), MIN(preco), MAX(preco), FROM produtos;
ERROR 1064 (42000): You have an error in your SQL syntax; check the manual that corresponds to your MySQL server version for the right syntax to use near 'FROM produtos' at line 1
mysql> SELECT AVG(preco), MIN(preco), MAX(preco) FROM produtos;
+------------+------------+------------+
| AVG(preco) | MIN(preco) | MAX(preco) |
+------------+------------+------------+
| 582.850000 |      30.00 |    4500.00 |
+------------+------------+------------+
1 row in set (0,00 sec)

mysql> 

